make: Entering directory 'C:/Doc_local/STMCUBE/x-cube-n6-ai-people-detection-tracking-main/STM32CubeIDE/NUCLEO-N657X0-Q/spi/Debug'
arm-none-eabi-gcc "C:/Doc_local/STMCUBE/x-cube-n6-ai-people-detection-tracking-main/Src/app.c" -mcpu=cortex-m55 -std=gnu11 -g3 -DSTM32N657xx -DUSE_FULL_ASSERT -DUSE_FULL_LL_DRIVER -DVECT_TAB_SRAM -DUSE_IMX335_SENSOR -DUSE_VD66GY_SENSOR -DUSE_VD55G1_SENSOR -DUSE_VD1943_SENSOR -DSTM32N6570_NUCLEO_REV -DTX_MAX_PARALLEL_NETWORKS=1 -DLL_ATON_PLATFORM=LL_ATON_PLAT_STM32N6 -DLL_ATON_OSAL=LL_ATON_OSAL_FREERTOS -DLL_ATON_RT_MODE=LL_ATON_RT_ASYNC -DLL_ATON_SW_FALLBACK -DLL_ATON_DBG_BUFFER_INFO_EXCLUDED=1 -DAPP_HAS_PARALLEL_NETWORKS=0 -DFEAT_FREERTOS -DSCR_LIB_USE_SPI -DSCR_LIB_USE_FREERTOS -c -I../../../../Inc -I../../../../Model/NUCLEO-N657X0-Q -I../../../../STM32Cube_FW_N6/Drivers/STM32N6xx_HAL_Driver/Inc -I../../../../STM32Cube_FW_N6/Drivers/STM32N6xx_HAL_Driver/Inc/Legacy -I../../../../STM32Cube_FW_N6/Drivers/CMSIS/Device/ST/STM32N6xx/Include -I../../../../STM32Cube_FW_N6/Drivers/CMSIS/Include -I../../../../STM32Cube_FW_N6/Drivers/CMSIS/DSP/Include -I../../../../STM32Cube_FW_N6/Drivers/BSP/Components/Common -I../../../../STM32Cube_FW_N6/Drivers/BSP/STM32N6xx_Nucleo -I../../../../STM32Cube_FW_N6/Utilities/lcd -I../../../../Lib/AI_Runtime/Inc -I../../../../Lib/AI_Runtime/Npu/ll_aton -I../../../../Lib/AI_Runtime/Npu/Devices/STM32N6xx -I../../../../Lib/lib_vision_models_pp/lib_vision_models_pp/Inc -I../../../../Lib/ai-postprocessing-wrapper -I../../../../Lib/Camera_Middleware -I../../../../Lib/Camera_Middleware/sensors -I../../../../Lib/Camera_Middleware/sensors/imx335 -I../../../../Lib/Camera_Middleware/sensors/vd55g1 -I../../../../Lib/Camera_Middleware/sensors/vd6g -I../../../../Lib/Camera_Middleware/sensors/vd1943 -I../../../../Lib/Camera_Middleware/ISP_Library/isp/Inc -I../../../../Lib/Camera_Middleware/ISP_Library/evision/Inc -I../../../../Lib/FreeRTOS/Source/include -I../../../../Lib/FreeRTOS/Source/portable/GCC/ARM_CM55_NTZ/non_secure -I../../../../Lib/screenl/Inc -I../../../../Lib/screenl/ili9341 -Os -ffunction-sections -fdata-sections -Wall -fstack-usage -fcyclomatic-complexity -mcmse -MMD -MP -MF"Src/app.d" -MT"Src/app.o" --specs=nano.specs -mfpu=fpv5-d16 -mfloat-abi=hard -mthumb -o "Src/app.o"
arm-none-eabi-gcc "C:/Doc_local/STMCUBE/x-cube-n6-ai-people-detection-tracking-main/Src/main.c" -mcpu=cortex-m55 -std=gnu11 -g3 -DSTM32N657xx -DUSE_FULL_ASSERT -DUSE_FULL_LL_DRIVER -DVECT_TAB_SRAM -DUSE_IMX335_SENSOR -DUSE_VD66GY_SENSOR -DUSE_VD55G1_SENSOR -DUSE_VD1943_SENSOR -DSTM32N6570_NUCLEO_REV -DTX_MAX_PARALLEL_NETWORKS=1 -DLL_ATON_PLATFORM=LL_ATON_PLAT_STM32N6 -DLL_ATON_OSAL=LL_ATON_OSAL_FREERTOS -DLL_ATON_RT_MODE=LL_ATON_RT_ASYNC -DLL_ATON_SW_FALLBACK -DLL_ATON_DBG_BUFFER_INFO_EXCLUDED=1 -DAPP_HAS_PARALLEL_NETWORKS=0 -DFEAT_FREERTOS -DSCR_LIB_USE_SPI -DSCR_LIB_USE_FREERTOS -c -I../../../../Inc -I../../../../Model/NUCLEO-N657X0-Q -I../../../../STM32Cube_FW_N6/Drivers/STM32N6xx_HAL_Driver/Inc -I../../../../STM32Cube_FW_N6/Drivers/STM32N6xx_HAL_Driver/Inc/Legacy -I../../../../STM32Cube_FW_N6/Drivers/CMSIS/Device/ST/STM32N6xx/Include -I../../../../STM32Cube_FW_N6/Drivers/CMSIS/Include -I../../../../STM32Cube_FW_N6/Drivers/CMSIS/DSP/Include -I../../../../STM32Cube_FW_N6/Drivers/BSP/Components/Common -I../../../../STM32Cube_FW_N6/Drivers/BSP/STM32N6xx_Nucleo -I../../../../STM32Cube_FW_N6/Utilities/lcd -I../../../../Lib/AI_Runtime/Inc -I../../../../Lib/AI_Runtime/Npu/ll_aton -I../../../../Lib/AI_Runtime/Npu/Devices/STM32N6xx -I../../../../Lib/lib_vision_models_pp/lib_vision_models_pp/Inc -I../../../../Lib/ai-postprocessing-wrapper -I../../../../Lib/Camera_Middleware -I../../../../Lib/Camera_Middleware/sensors -I../../../../Lib/Camera_Middleware/sensors/imx335 -I../../../../Lib/Camera_Middleware/sensors/vd55g1 -I../../../../Lib/Camera_Middleware/sensors/vd6g -I../../../../Lib/Camera_Middleware/sensors/vd1943 -I../../../../Lib/Camera_Middleware/ISP_Library/isp/Inc -I../../../../Lib/Camera_Middleware/ISP_Library/evision/Inc -I../../../../Lib/FreeRTOS/Source/include -I../../../../Lib/FreeRTOS/Source/portable/GCC/ARM_CM55_NTZ/non_secure -I../../../../Lib/screenl/Inc -I../../../../Lib/screenl/ili9341 -Os -ffunction-sections -fdata-sections -Wall -fstack-usage -fcyclomatic-complexity -mcmse -MMD -MP -MF"Src/main.d" -MT"Src/main.o" --specs=nano.specs -mfpu=fpv5-d16 -mfloat-abi=hard -mthumb -o "Src/main.o"
arm-none-eabi-gcc: error: unrecognized command-line option '-fcyclomatic-complexity'
arm-none-eabi-gcc: error: unrecognized command-line option '-fcyclomatic-complexity'
make: *** [Src/subdir.mk:40: Src/app.o] Error 1
make: *** Waiting for unfinished jobs....
make: *** [Src/subdir.mk:48: Src/main.o] Error 1
make: Leaving directory 'C:/Doc_local/STMCUBE/x-cube-n6-ai-people-detection-tracking-main/STM32CubeIDE/NUCLEO-N657X0-Q/spi/Debug'
